// Vitest Snapshot v1, https://vitest.dev/guide/snapshot.html

exports[`Interpreter Sample - assignments > should produce the expected output 1`] = `
"--- Running main function ---
Test 1: Simple Assignment
  x = 42
Test 2: Reassignment
  y = 20
Test 3: Destructuring Assignment (Struct)
  a = 1
  b = 2
Test 4: Destructuring Assignment (Array)
  first = 3
  second = 4
  rest = [5]
--- main function finished ---"
`;

exports[`Interpreter Sample - assignments should produce the expected output 1`] = `
"--- Running main function ---
Test 1: Simple Assignment
  x = 42
Test 2: Reassignment
  y = 20
Test 3: Destructuring Assignment (Struct)
  a = 1
  b = 2
Test 4: Destructuring Assignment (Array)
  first = 3
  second = 4
  rest = [5]
--- main function finished ---"
`;
