// Vitest Snapshot v1, https://vitest.dev/guide/snapshot.html

exports[`Interpreter Sample - functions > should produce the expected output 1`] = `
"--- Running main function ---
Test 1: add(2, 3) = 5
Test 2: inner(5) = 10
Test 3: factorial(5) = 120
Test 4: sumThree(1, 2, 3) = 6
--- main function finished ---"
`;

exports[`Interpreter Sample - functions should produce the expected output 1`] = `
"--- Running main function ---
Test 1: add(2, 3) = 5
Test 2: inner(5) = 10
Test 3: factorial(5) = 120
Test 4: sumThree(1, 2, 3) = 6
--- main function finished ---"
`;
