// Vitest Snapshot v1, https://vitest.dev/guide/snapshot.html

exports[`Interpreter Sample - loops > should produce the expected output 1`] = `
"--- Running main function ---
Test 1: While Loop Start
  While counter: 0
  While counter: 1
  While counter: 2
Test 1: While Loop End
Test 2: For Loop (Array) Start
  For item: apple
  For item: banana
  For item: cherry
Test 2: For Loop (Array) End
Test 3: For Loop (Inclusive Range 1..3) Start
  Range i: 1
  Range i: 2
  Range i: 3
Test 3: Range Sum = 6
Test 3: For Loop (Range) End
Test 4: For Loop (Exclusive Range 5...8) Start
  Range j: 5
  Range j: 6
  Range j: 7
Test 4: Range Sum = 18
Test 4: For Loop (Range) End
Test 6: While Loop with Break Start
  Break counter: 0
  Break counter: 1
  Break counter: 2
    Breaking loop...
Test 6: While Loop with Break End (Should execute if break works)
--- main function finished ---"
`;

exports[`Interpreter Sample - loops should produce the expected output 1`] = `
"--- Running main function ---
Test 1: While Loop Start
  While counter: 0
  While counter: 1
  While counter: 2
Test 1: While Loop End
Test 2: For Loop (Array) Start
  For item: apple
  For item: banana
  For item: cherry
Test 2: For Loop (Array) End
Test 3: For Loop (Inclusive Range 1..3) Start
  Range i: 1
  Range i: 2
  Range i: 3
Test 3: Range Sum = 6
Test 3: For Loop (Range) End
Test 4: For Loop (Exclusive Range 5...8) Start
  Range j: 5
  Range j: 6
  Range j: 7
Test 4: Range Sum = 18
Test 4: For Loop (Range) End
Test 6: While Loop with Break Start
  Break counter: 0
  Break counter: 1
  Break counter: 2
    Breaking loop...
Test 6: While Loop with Break End (Should execute if break works)
--- main function finished ---"
`;
